// Vitest Snapshot v1

exports[`using snapshots > ignores wrapping an "if" when already is in block 1`] = `
"if (true) {
  return \\"Yes\\"
}"
`;

exports[`using snapshots > wraps the "if" in braces 1`] = `
"if (true) {
  return \\"Yes\\"
}"
`;
